Monte Carlo Run Log - 2026-01-22 00:37:16

============================================================

I_amp Summary:
  Received -> mean: 813.009, var: 44.1247, min: 796.608, max: 829.524
  Sent     -> mean: 808.755, var: 43.5992, min: 792.45, max: 825.118
------------------------------------------------------------
V_amp Summary:
  Received -> mean: 139966, var: 680977, min: 138228, max: 141708
  Sent     -> mean: 144101, var: 720436, min: 142303, max: 145899
------------------------------------------------------------
I_theta Summary:
  Received -> mean: 9.15498e-06, var: 0.000105777, min: -0.0213264, max: 0.0214584
  Sent     -> mean: 0.00688904, var: 0.000105822, min: -0.0145308, max: 0.0281852
------------------------------------------------------------
V_theta Summary:
  Received -> mean: 0.643501, var: 6.99612e-06, min: 0.63664, max: 0.650375
  Sent     -> mean: 0.668342, var: 6.99054e-06, min: 0.661408, max: 0.675313
------------------------------------------------------------
S_samples Summary:
  Received -> mean: 9.10306e+07, var: 1.36902e+12, min: 8.70199e+07, max: 9.53067e+07
  Sent     -> mean: 9.19585e+07, var: 1.43519e+12, min: 8.77764e+07, max: 9.62938e+07
------------------------------------------------------------
